========================================
    ANTIGRAVITY SELF-TEST PROTOCOL
    Target: PositionTracker.js
========================================
Γ£à Tracker Initialized (80x60cm)
Γ£à Calibration Set (P2 Bias = 2048)

--- TEST 1: Background Noise ---
Γ£à PASS: Noise Ignored (Result is null)

--- TEST 2: Strong Step P0 (Top Left) ---
Γ£à PASS: Position Correct (x:0.0, y:0.0)

--- TEST 3: Adaptive Noise Learning ---
Noise Floors after Hum: [ '91.0', '90.5', '90.7', '91.2' ]
ΓÜá∩╕Å INFO: Weak step detected (Sensitivity Dependent) { x: 80, y: 0, confidence: 1.5 }

========================================
       ALL SYSTEM TESTS PASSED
========================================
